{
  "type": "user_transaction",
  "version": "2",
  "hash": "0xcbdb69429665e6815b49119ed46e86cb059151be73c762f0daada3b56cee6d22",
  "state_root_hash": "0x90be9559a7f57d97383ba1f0f42d4ecf2cd7f87f750a4c35e61065e913b937c6",
  "event_root_hash": "0x414343554d554c41544f525f504c414345484f4c4445525f4841534800000000",
  "gas_used": "1",
  "success": false,
  "vm_status": "Transaction Executed and Committed with Error CODE_DESERIALIZATION_ERROR",
  "accumulator_root_hash": "0xd0f8817d012c513a74e8cbe45507ff07752d31f11fa80005fba7aaa3f09d3416",
  "changes": [
    {
      "type": "write_resource",
      "address": "0xa550c18",
      "state_key_hash": "0x1e24e72081eba6c211d081095185a977809a76010b12dfa2a8983ccb1113ad71",
      "data": {
        "type": "0x1::Account::Account",
        "data": {
          "authentication_key": "0x7deeccb1080854f499ec8b4c1b213b82c5e34b925cf6875fec02d4b77adbd2d6",
          "self_address": "0xa550c18",
          "sequence_number": "1"
        }
      }
    },
    {
      "type": "write_resource",
      "address": "0xa550c18",
      "state_key_hash": "0x515bab035b131fd25d8298be2c7f8b5afb409adea378f3d87a5b0dd170236d28",
      "data": {
        "type": "0x1::TestCoin::Balance",
        "data": {
          "coin": {
            "value": "18446744073709551614"
          }
        }
      }
    }
  ],
  "sender": "0xa550c18",
  "sequence_number": "0",
  "max_gas_amount": "2000",
  "gas_unit_price": "0",
  "expiration_timestamp_secs": "18446744073709551615",
  "payload": {
    "type": "script_payload",
    "code": {
      "bytecode": "0xa11ceb0b030000",
      "abi": null
    },
    "type_arguments": [],
    "arguments": []
  },
  "signature": {
    "type": "ed25519_signature",
    "public_key": "0xb9c6ee1630ef3e711144a648db06bbb2284f7274cfbee53ffcee503cc1a49200",
    "signature": "0x5016020ee5f52af06f70ccc11a2691e2e32326fa543f51f01aae498090b70eedc042e14f97211390185b1f7f90896cabf80eef9f46994b75f94030adb3faae09"
  },
  "events": [],
  "timestamp": "1"
}
